Archive member included to satisfy reference by file (symbol)

c:/st/stm32cubeide_1.6.1/stm32cubeide/plugins/com.st.stm32cube.ide.mcu.externaltools.gnu-tools-for-stm32.9-2020-q2-update.win32_1.5.0.202011040924/tools/bin/../lib/gcc/arm-none-eabi/9.3.1/../../../../arm-none-eabi/lib/thumb/v7e-m+fp/hard\libc_nano.a(lib_a-errno.o)
                              Src/syscalls.o (__errno)
c:/st/stm32cubeide_1.6.1/stm32cubeide/plugins/com.st.stm32cube.ide.mcu.externaltools.gnu-tools-for-stm32.9-2020-q2-update.win32_1.5.0.202011040924/tools/bin/../lib/gcc/arm-none-eabi/9.3.1/../../../../arm-none-eabi/lib/thumb/v7e-m+fp/hard\libc_nano.a(lib_a-exit.o)
                              c:/st/stm32cubeide_1.6.1/stm32cubeide/plugins/com.st.stm32cube.ide.mcu.externaltools.gnu-tools-for-stm32.9-2020-q2-update.win32_1.5.0.202011040924/tools/bin/../lib/gcc/arm-none-eabi/9.3.1/../../../../arm-none-eabi/lib/thumb/v7e-m+fp/hard/crt0.o (exit)
c:/st/stm32cubeide_1.6.1/stm32cubeide/plugins/com.st.stm32cube.ide.mcu.externaltools.gnu-tools-for-stm32.9-2020-q2-update.win32_1.5.0.202011040924/tools/bin/../lib/gcc/arm-none-eabi/9.3.1/../../../../arm-none-eabi/lib/thumb/v7e-m+fp/hard\libc_nano.a(lib_a-impure.o)
                              c:/st/stm32cubeide_1.6.1/stm32cubeide/plugins/com.st.stm32cube.ide.mcu.externaltools.gnu-tools-for-stm32.9-2020-q2-update.win32_1.5.0.202011040924/tools/bin/../lib/gcc/arm-none-eabi/9.3.1/../../../../arm-none-eabi/lib/thumb/v7e-m+fp/hard\libc_nano.a(lib_a-exit.o) (_global_impure_ptr)
c:/st/stm32cubeide_1.6.1/stm32cubeide/plugins/com.st.stm32cube.ide.mcu.externaltools.gnu-tools-for-stm32.9-2020-q2-update.win32_1.5.0.202011040924/tools/bin/../lib/gcc/arm-none-eabi/9.3.1/../../../../arm-none-eabi/lib/thumb/v7e-m+fp/hard\libc_nano.a(lib_a-init.o)
                              c:/st/stm32cubeide_1.6.1/stm32cubeide/plugins/com.st.stm32cube.ide.mcu.externaltools.gnu-tools-for-stm32.9-2020-q2-update.win32_1.5.0.202011040924/tools/bin/../lib/gcc/arm-none-eabi/9.3.1/../../../../arm-none-eabi/lib/thumb/v7e-m+fp/hard/crt0.o (__libc_init_array)
c:/st/stm32cubeide_1.6.1/stm32cubeide/plugins/com.st.stm32cube.ide.mcu.externaltools.gnu-tools-for-stm32.9-2020-q2-update.win32_1.5.0.202011040924/tools/bin/../lib/gcc/arm-none-eabi/9.3.1/../../../../arm-none-eabi/lib/thumb/v7e-m+fp/hard\libc_nano.a(lib_a-memset.o)
                              c:/st/stm32cubeide_1.6.1/stm32cubeide/plugins/com.st.stm32cube.ide.mcu.externaltools.gnu-tools-for-stm32.9-2020-q2-update.win32_1.5.0.202011040924/tools/bin/../lib/gcc/arm-none-eabi/9.3.1/../../../../arm-none-eabi/lib/thumb/v7e-m+fp/hard/crt0.o (memset)
c:/st/stm32cubeide_1.6.1/stm32cubeide/plugins/com.st.stm32cube.ide.mcu.externaltools.gnu-tools-for-stm32.9-2020-q2-update.win32_1.5.0.202011040924/tools/bin/../lib/gcc/arm-none-eabi/9.3.1/../../../../arm-none-eabi/lib/thumb/v7e-m+fp/hard\libc_nano.a(lib_a-strlen.o)
                              Src/flash_driver.o (strlen)

Allocating common symbols
Common symbol       size              file

g_rcv_val           0x4               Src/main.o
buff_rcv_data       0xa0              Src/main.o
temp_buff           0x4               Src/flash_driver.o
pFlash              0x18              Src/flash_driver.o
g_curr_tick_p       0x4               Src/timebase.o
g_curr_tick         0x4               Src/timebase.o
buff_rcv_char       0x28              Src/main.o

Discarded input sections

 .text          0x0000000000000000        0x0 c:/st/stm32cubeide_1.6.1/stm32cubeide/plugins/com.st.stm32cube.ide.mcu.externaltools.gnu-tools-for-stm32.9-2020-q2-update.win32_1.5.0.202011040924/tools/bin/../lib/gcc/arm-none-eabi/9.3.1/thumb/v7e-m+fp/hard/crti.o
 .data          0x0000000000000000        0x0 c:/st/stm32cubeide_1.6.1/stm32cubeide/plugins/com.st.stm32cube.ide.mcu.externaltools.gnu-tools-for-stm32.9-2020-q2-update.win32_1.5.0.202011040924/tools/bin/../lib/gcc/arm-none-eabi/9.3.1/thumb/v7e-m+fp/hard/crti.o
 .bss           0x0000000000000000        0x0 c:/st/stm32cubeide_1.6.1/stm32cubeide/plugins/com.st.stm32cube.ide.mcu.externaltools.gnu-tools-for-stm32.9-2020-q2-update.win32_1.5.0.202011040924/tools/bin/../lib/gcc/arm-none-eabi/9.3.1/thumb/v7e-m+fp/hard/crti.o
 .data          0x0000000000000000        0x4 c:/st/stm32cubeide_1.6.1/stm32cubeide/plugins/com.st.stm32cube.ide.mcu.externaltools.gnu-tools-for-stm32.9-2020-q2-update.win32_1.5.0.202011040924/tools/bin/../lib/gcc/arm-none-eabi/9.3.1/thumb/v7e-m+fp/hard/crtbegin.o
 .text          0x0000000000000000       0x7c c:/st/stm32cubeide_1.6.1/stm32cubeide/plugins/com.st.stm32cube.ide.mcu.externaltools.gnu-tools-for-stm32.9-2020-q2-update.win32_1.5.0.202011040924/tools/bin/../lib/gcc/arm-none-eabi/9.3.1/../../../../arm-none-eabi/lib/thumb/v7e-m+fp/hard/crt0.o
 .data          0x0000000000000000        0x0 c:/st/stm32cubeide_1.6.1/stm32cubeide/plugins/com.st.stm32cube.ide.mcu.externaltools.gnu-tools-for-stm32.9-2020-q2-update.win32_1.5.0.202011040924/tools/bin/../lib/gcc/arm-none-eabi/9.3.1/../../../../arm-none-eabi/lib/thumb/v7e-m+fp/hard/crt0.o
 .bss           0x0000000000000000        0x0 c:/st/stm32cubeide_1.6.1/stm32cubeide/plugins/com.st.stm32cube.ide.mcu.externaltools.gnu-tools-for-stm32.9-2020-q2-update.win32_1.5.0.202011040924/tools/bin/../lib/gcc/arm-none-eabi/9.3.1/../../../../arm-none-eabi/lib/thumb/v7e-m+fp/hard/crt0.o
 .ARM.extab     0x0000000000000000        0x0 c:/st/stm32cubeide_1.6.1/stm32cubeide/plugins/com.st.stm32cube.ide.mcu.externaltools.gnu-tools-for-stm32.9-2020-q2-update.win32_1.5.0.202011040924/tools/bin/../lib/gcc/arm-none-eabi/9.3.1/../../../../arm-none-eabi/lib/thumb/v7e-m+fp/hard/crt0.o
 .ARM.exidx     0x0000000000000000       0x10 c:/st/stm32cubeide_1.6.1/stm32cubeide/plugins/com.st.stm32cube.ide.mcu.externaltools.gnu-tools-for-stm32.9-2020-q2-update.win32_1.5.0.202011040924/tools/bin/../lib/gcc/arm-none-eabi/9.3.1/../../../../arm-none-eabi/lib/thumb/v7e-m+fp/hard/crt0.o
 .ARM.attributes
                0x0000000000000000       0x1c c:/st/stm32cubeide_1.6.1/stm32cubeide/plugins/com.st.stm32cube.ide.mcu.externaltools.gnu-tools-for-stm32.9-2020-q2-update.win32_1.5.0.202011040924/tools/bin/../lib/gcc/arm-none-eabi/9.3.1/../../../../arm-none-eabi/lib/thumb/v7e-m+fp/hard/crt0.o
 .group         0x0000000000000000        0xc Src/adc.o
 .group         0x0000000000000000        0xc Src/adc.o
 .group         0x0000000000000000        0xc Src/adc.o
 .group         0x0000000000000000        0xc Src/adc.o
 .group         0x0000000000000000        0xc Src/adc.o
 .group         0x0000000000000000        0xc Src/adc.o
 .group         0x0000000000000000        0xc Src/adc.o
 .group         0x0000000000000000        0xc Src/adc.o
 .group         0x0000000000000000        0xc Src/adc.o
 .group         0x0000000000000000        0xc Src/adc.o
 .group         0x0000000000000000        0xc Src/adc.o
 .group         0x0000000000000000        0xc Src/adc.o
 .group         0x0000000000000000        0xc Src/adc.o
 .group         0x0000000000000000        0xc Src/adc.o
 .group         0x0000000000000000        0xc Src/adc.o
 .group         0x0000000000000000        0xc Src/adc.o
 .text          0x0000000000000000        0x0 Src/adc.o
 .data          0x0000000000000000        0x0 Src/adc.o
 .bss           0x0000000000000000        0x0 Src/adc.o
 .text.pa1_adc_init
                0x0000000000000000       0x64 Src/adc.o
 .text.start_conversion
                0x0000000000000000       0x2c Src/adc.o
 .text.adc_read
                0x0000000000000000       0x24 Src/adc.o
 .debug_info    0x0000000000000000      0x516 Src/adc.o
 .debug_abbrev  0x0000000000000000      0x129 Src/adc.o
 .debug_aranges
                0x0000000000000000       0x30 Src/adc.o
 .debug_ranges  0x0000000000000000       0x20 Src/adc.o
 .debug_macro   0x0000000000000000      0x108 Src/adc.o
 .debug_macro   0x0000000000000000      0xab4 Src/adc.o
 .debug_macro   0x0000000000000000       0x22 Src/adc.o
 .debug_macro   0x0000000000000000       0x8e Src/adc.o
 .debug_macro   0x0000000000000000       0x51 Src/adc.o
 .debug_macro   0x0000000000000000      0x103 Src/adc.o
 .debug_macro   0x0000000000000000       0x6a Src/adc.o
 .debug_macro   0x0000000000000000      0x1df Src/adc.o
 .debug_macro   0x0000000000000000       0x28 Src/adc.o
 .debug_macro   0x0000000000000000       0x28 Src/adc.o
 .debug_macro   0x0000000000000000       0x1c Src/adc.o
 .debug_macro   0x0000000000000000       0x22 Src/adc.o
 .debug_macro   0x0000000000000000       0xdf Src/adc.o
 .debug_macro   0x0000000000000000     0x102d Src/adc.o
 .debug_macro   0x0000000000000000      0x11f Src/adc.o
 .debug_macro   0x0000000000000000     0xb937 Src/adc.o
 .debug_macro   0x0000000000000000       0x43 Src/adc.o
 .debug_line    0x0000000000000000      0x567 Src/adc.o
 .debug_str     0x0000000000000000    0x4f8d1 Src/adc.o
 .comment       0x0000000000000000       0x54 Src/adc.o
 .debug_frame   0x0000000000000000       0x70 Src/adc.o
 .ARM.attributes
                0x0000000000000000       0x34 Src/adc.o
 .group         0x0000000000000000        0xc Src/bsp.o
 .group         0x0000000000000000        0xc Src/bsp.o
 .group         0x0000000000000000        0xc Src/bsp.o
 .group         0x0000000000000000        0xc Src/bsp.o
 .group         0x0000000000000000        0xc Src/bsp.o
 .group         0x0000000000000000        0xc Src/bsp.o
 .group         0x0000000000000000        0xc Src/bsp.o
 .group         0x0000000000000000        0xc Src/bsp.o
 .group         0x0000000000000000        0xc Src/bsp.o
 .group         0x0000000000000000        0xc Src/bsp.o
 .group         0x0000000000000000        0xc Src/bsp.o
 .group         0x0000000000000000        0xc Src/bsp.o
 .group         0x0000000000000000        0xc Src/bsp.o
 .group         0x0000000000000000        0xc Src/bsp.o
 .group         0x0000000000000000        0xc Src/bsp.o
 .group         0x0000000000000000        0xc Src/bsp.o
 .group         0x0000000000000000        0xc Src/bsp.o
 .text          0x0000000000000000        0x0 Src/bsp.o
 .data          0x0000000000000000        0x0 Src/bsp.o
 .bss           0x0000000000000000        0x0 Src/bsp.o
 .text.led_init
                0x0000000000000000       0x3c Src/bsp.o
 .text.led_on   0x0000000000000000       0x20 Src/bsp.o
 .text.led_off  0x0000000000000000       0x20 Src/bsp.o
 .text.button_init
                0x0000000000000000       0x3c Src/bsp.o
 .text.get_btn_state
                0x0000000000000000       0x24 Src/bsp.o
 .debug_info    0x0000000000000000      0x429 Src/bsp.o
 .debug_abbrev  0x0000000000000000       0xf8 Src/bsp.o
 .debug_aranges
                0x0000000000000000       0x40 Src/bsp.o
 .debug_ranges  0x0000000000000000       0x30 Src/bsp.o
 .debug_macro   0x0000000000000000      0x105 Src/bsp.o
 .debug_macro   0x0000000000000000      0xab4 Src/bsp.o
 .debug_macro   0x0000000000000000       0x22 Src/bsp.o
 .debug_macro   0x0000000000000000       0x8e Src/bsp.o
 .debug_macro   0x0000000000000000       0x51 Src/bsp.o
 .debug_macro   0x0000000000000000      0x103 Src/bsp.o
 .debug_macro   0x0000000000000000       0x6a Src/bsp.o
 .debug_macro   0x0000000000000000      0x1df Src/bsp.o
 .debug_macro   0x0000000000000000       0x22 Src/bsp.o
 .debug_macro   0x0000000000000000       0x28 Src/bsp.o
 .debug_macro   0x0000000000000000       0x28 Src/bsp.o
 .debug_macro   0x0000000000000000       0x1c Src/bsp.o
 .debug_macro   0x0000000000000000       0x22 Src/bsp.o
 .debug_macro   0x0000000000000000       0xdf Src/bsp.o
 .debug_macro   0x0000000000000000     0x102d Src/bsp.o
 .debug_macro   0x0000000000000000      0x11f Src/bsp.o
 .debug_macro   0x0000000000000000     0xb937 Src/bsp.o
 .debug_macro   0x0000000000000000       0x43 Src/bsp.o
 .debug_line    0x0000000000000000      0x585 Src/bsp.o
 .debug_str     0x0000000000000000    0x4f89f Src/bsp.o
 .comment       0x0000000000000000       0x54 Src/bsp.o
 .debug_frame   0x0000000000000000       0xb0 Src/bsp.o
 .ARM.attributes
                0x0000000000000000       0x34 Src/bsp.o
 .group         0x0000000000000000        0xc Src/flash_driver.o
 .group         0x0000000000000000        0xc Src/flash_driver.o
 .group         0x0000000000000000        0xc Src/flash_driver.o
 .group         0x0000000000000000        0xc Src/flash_driver.o
 .group         0x0000000000000000        0xc Src/flash_driver.o
 .group         0x0000000000000000        0xc Src/flash_driver.o
 .group         0x0000000000000000        0xc Src/flash_driver.o
 .group         0x0000000000000000        0xc Src/flash_driver.o
 .group         0x0000000000000000        0xc Src/flash_driver.o
 .group         0x0000000000000000        0xc Src/flash_driver.o
 .group         0x0000000000000000        0xc Src/flash_driver.o
 .group         0x0000000000000000        0xc Src/flash_driver.o
 .group         0x0000000000000000        0xc Src/flash_driver.o
 .group         0x0000000000000000        0xc Src/flash_driver.o
 .group         0x0000000000000000        0xc Src/flash_driver.o
 .group         0x0000000000000000        0xc Src/flash_driver.o
 .group         0x0000000000000000        0xc Src/flash_driver.o
 .group         0x0000000000000000        0xc Src/flash_driver.o
 .group         0x0000000000000000        0xc Src/flash_driver.o
 .group         0x0000000000000000        0xc Src/flash_driver.o
 .group         0x0000000000000000        0xc Src/flash_driver.o
 .group         0x0000000000000000        0xc Src/flash_driver.o
 .group         0x0000000000000000        0xc Src/flash_driver.o
 .group         0x0000000000000000        0xc Src/flash_driver.o
 .group         0x0000000000000000        0xc Src/flash_driver.o
 .group         0x0000000000000000        0xc Src/flash_driver.o
 .group         0x0000000000000000        0xc Src/flash_driver.o
 .group         0x0000000000000000        0xc Src/flash_driver.o
 .group         0x0000000000000000        0xc Src/flash_driver.o
 .group         0x0000000000000000        0xc Src/flash_driver.o
 .group         0x0000000000000000        0xc Src/flash_driver.o
 .group         0x0000000000000000        0xc Src/flash_driver.o
 .group         0x0000000000000000        0xc Src/flash_driver.o
 .group         0x0000000000000000        0xc Src/flash_driver.o
 .group         0x0000000000000000        0xc Src/flash_driver.o
 .text          0x0000000000000000        0x0 Src/flash_driver.o
 .data          0x0000000000000000        0x0 Src/flash_driver.o
 .bss           0x0000000000000000        0x0 Src/flash_driver.o
 .debug_macro   0x0000000000000000      0xab4 Src/flash_driver.o
 .debug_macro   0x0000000000000000       0x22 Src/flash_driver.o
 .debug_macro   0x0000000000000000       0x28 Src/flash_driver.o
 .debug_macro   0x0000000000000000       0x28 Src/flash_driver.o
 .debug_macro   0x0000000000000000      0x103 Src/flash_driver.o
 .debug_macro   0x0000000000000000       0x6a Src/flash_driver.o
 .debug_macro   0x0000000000000000      0x1df Src/flash_driver.o
 .debug_macro   0x0000000000000000       0x1c Src/flash_driver.o
 .debug_macro   0x0000000000000000       0x22 Src/flash_driver.o
 .debug_macro   0x0000000000000000     0x102d Src/flash_driver.o
 .debug_macro   0x0000000000000000      0x11f Src/flash_driver.o
 .debug_macro   0x0000000000000000     0xb937 Src/flash_driver.o
 .debug_macro   0x0000000000000000       0x43 Src/flash_driver.o
 .group         0x0000000000000000        0xc Src/fpu.o
 .group         0x0000000000000000        0xc Src/fpu.o
 .group         0x0000000000000000        0xc Src/fpu.o
 .group         0x0000000000000000        0xc Src/fpu.o
 .group         0x0000000000000000        0xc Src/fpu.o
 .group         0x0000000000000000        0xc Src/fpu.o
 .group         0x0000000000000000        0xc Src/fpu.o
 .group         0x0000000000000000        0xc Src/fpu.o
 .group         0x0000000000000000        0xc Src/fpu.o
 .group         0x0000000000000000        0xc Src/fpu.o
 .group         0x0000000000000000        0xc Src/fpu.o
 .group         0x0000000000000000        0xc Src/fpu.o
 .group         0x0000000000000000        0xc Src/fpu.o
 .group         0x0000000000000000        0xc Src/fpu.o
 .group         0x0000000000000000        0xc Src/fpu.o
 .group         0x0000000000000000        0xc Src/fpu.o
 .text          0x0000000000000000        0x0 Src/fpu.o
 .data          0x0000000000000000        0x0 Src/fpu.o
 .bss           0x0000000000000000        0x0 Src/fpu.o
 .debug_macro   0x0000000000000000      0xab4 Src/fpu.o
 .debug_macro   0x0000000000000000       0x28 Src/fpu.o
 .debug_macro   0x0000000000000000       0x28 Src/fpu.o
 .debug_macro   0x0000000000000000       0x22 Src/fpu.o
 .debug_macro   0x0000000000000000       0x8e Src/fpu.o
 .debug_macro   0x0000000000000000       0x51 Src/fpu.o
 .debug_macro   0x0000000000000000      0x103 Src/fpu.o
 .debug_macro   0x0000000000000000       0x6a Src/fpu.o
 .debug_macro   0x0000000000000000      0x1df Src/fpu.o
 .debug_macro   0x0000000000000000       0x1c Src/fpu.o
 .debug_macro   0x0000000000000000       0x22 Src/fpu.o
 .debug_macro   0x0000000000000000       0xdf Src/fpu.o
 .debug_macro   0x0000000000000000     0x102d Src/fpu.o
 .debug_macro   0x0000000000000000      0x11f Src/fpu.o
 .debug_macro   0x0000000000000000     0xb937 Src/fpu.o
 .debug_macro   0x0000000000000000       0x43 Src/fpu.o
 .group         0x0000000000000000        0xc Src/main.o
 .group         0x0000000000000000        0xc Src/main.o
 .group         0x0000000000000000        0xc Src/main.o
 .group         0x0000000000000000        0xc Src/main.o
 .group         0x0000000000000000        0xc Src/main.o
 .group         0x0000000000000000        0xc Src/main.o
 .group         0x0000000000000000        0xc Src/main.o
 .group         0x0000000000000000        0xc Src/main.o
 .group         0x0000000000000000        0xc Src/main.o
 .group         0x0000000000000000        0xc Src/main.o
 .group         0x0000000000000000        0xc Src/main.o
 .group         0x0000000000000000        0xc Src/main.o
 .group         0x0000000000000000        0xc Src/main.o
 .group         0x0000000000000000        0xc Src/main.o
 .group         0x0000000000000000        0xc Src/main.o
 .group         0x0000000000000000        0xc Src/main.o
 .group         0x0000000000000000        0xc Src/main.o
 .group         0x0000000000000000        0xc Src/main.o
 .group         0x0000000000000000        0xc Src/main.o
 .group         0x0000000000000000        0xc Src/main.o
 .group         0x0000000000000000        0xc Src/main.o
 .group         0x0000000000000000        0xc Src/main.o
 .group         0x0000000000000000        0xc Src/main.o
 .group         0x0000000000000000        0xc Src/main.o
 .group         0x0000000000000000        0xc Src/main.o
 .group         0x0000000000000000        0xc Src/main.o
 .group         0x0000000000000000        0xc Src/main.o
 .group         0x0000000000000000        0xc Src/main.o
 .group         0x0000000000000000        0xc Src/main.o
 .group         0x0000000000000000        0xc Src/main.o
 .group         0x0000000000000000        0xc Src/main.o
 .group         0x0000000000000000        0xc Src/main.o
 .group         0x0000000000000000        0xc Src/main.o
 .group         0x0000000000000000        0xc Src/main.o
 .group         0x0000000000000000        0xc Src/main.o
 .group         0x0000000000000000        0xc Src/main.o
 .group         0x0000000000000000        0xc Src/main.o
 .group         0x0000000000000000        0xc Src/main.o
 .group         0x0000000000000000        0xc Src/main.o
 .group         0x0000000000000000        0xc Src/main.o
 .group         0x0000000000000000        0xc Src/main.o
 .group         0x0000000000000000        0xc Src/main.o
 .group         0x0000000000000000        0xc Src/main.o
 .group         0x0000000000000000        0xc Src/main.o
 .group         0x0000000000000000        0xc Src/main.o
 .group         0x0000000000000000        0xc Src/main.o
 .group         0x0000000000000000        0xc Src/main.o
 .group         0x0000000000000000        0xc Src/main.o
 .group         0x0000000000000000        0xc Src/main.o
 .group         0x0000000000000000        0xc Src/main.o
 .text          0x0000000000000000        0x0 Src/main.o
 .data          0x0000000000000000        0x0 Src/main.o
 .bss           0x0000000000000000        0x0 Src/main.o
 .debug_macro   0x0000000000000000      0xab4 Src/main.o
 .debug_macro   0x0000000000000000       0x22 Src/main.o
 .debug_macro   0x0000000000000000       0x4c Src/main.o
 .debug_macro   0x0000000000000000       0x18 Src/main.o
 .debug_macro   0x0000000000000000       0x94 Src/main.o
 .debug_macro   0x0000000000000000       0x3c Src/main.o
 .debug_macro   0x0000000000000000       0x34 Src/main.o
 .debug_macro   0x0000000000000000       0x57 Src/main.o
 .debug_macro   0x0000000000000000      0x339 Src/main.o
 .debug_macro   0x0000000000000000       0x16 Src/main.o
 .debug_macro   0x0000000000000000       0x43 Src/main.o
 .debug_macro   0x0000000000000000       0x34 Src/main.o
 .debug_macro   0x0000000000000000       0x10 Src/main.o
 .debug_macro   0x0000000000000000       0x58 Src/main.o
 .debug_macro   0x0000000000000000       0x71 Src/main.o
 .debug_macro   0x0000000000000000       0x1c Src/main.o
 .debug_macro   0x0000000000000000      0x12a Src/main.o
 .debug_macro   0x0000000000000000       0x6a Src/main.o
 .debug_macro   0x0000000000000000       0x35 Src/main.o
 .debug_macro   0x0000000000000000       0x20 Src/main.o
 .debug_macro   0x0000000000000000       0x28 Src/main.o
 .debug_macro   0x0000000000000000       0x28 Src/main.o
 .debug_macro   0x0000000000000000      0x103 Src/main.o
 .debug_macro   0x0000000000000000      0x1df Src/main.o
 .debug_macro   0x0000000000000000       0x1c Src/main.o
 .debug_macro   0x0000000000000000       0x22 Src/main.o
 .debug_macro   0x0000000000000000       0xd9 Src/main.o
 .debug_macro   0x0000000000000000     0x102d Src/main.o
 .debug_macro   0x0000000000000000      0x11f Src/main.o
 .debug_macro   0x0000000000000000     0xb937 Src/main.o
 .debug_macro   0x0000000000000000       0x43 Src/main.o
 .debug_macro   0x0000000000000000       0x10 Src/main.o
 .debug_macro   0x0000000000000000       0x22 Src/main.o
 .group         0x0000000000000000        0xc Src/syscalls.o
 .group         0x0000000000000000        0xc Src/syscalls.o
 .group         0x0000000000000000        0xc Src/syscalls.o
 .group         0x0000000000000000        0xc Src/syscalls.o
 .group         0x0000000000000000        0xc Src/syscalls.o
 .group         0x0000000000000000        0xc Src/syscalls.o
 .group         0x0000000000000000        0xc Src/syscalls.o
 .group         0x0000000000000000        0xc Src/syscalls.o
 .group         0x0000000000000000        0xc Src/syscalls.o
 .group         0x0000000000000000        0xc Src/syscalls.o
 .group         0x0000000000000000        0xc Src/syscalls.o
 .group         0x0000000000000000        0xc Src/syscalls.o
 .group         0x0000000000000000        0xc Src/syscalls.o
 .group         0x0000000000000000        0xc Src/syscalls.o
 .group         0x0000000000000000        0xc Src/syscalls.o
 .group         0x0000000000000000        0xc Src/syscalls.o
 .group         0x0000000000000000        0xc Src/syscalls.o
 .group         0x0000000000000000        0xc Src/syscalls.o
 .group         0x0000000000000000        0xc Src/syscalls.o
 .group         0x0000000000000000        0xc Src/syscalls.o
 .group         0x0000000000000000        0xc Src/syscalls.o
 .group         0x0000000000000000        0xc Src/syscalls.o
 .group         0x0000000000000000        0xc Src/syscalls.o
 .group         0x0000000000000000        0xc Src/syscalls.o
 .group         0x0000000000000000        0xc Src/syscalls.o
 .group         0x0000000000000000        0xc Src/syscalls.o
 .group         0x0000000000000000        0xc Src/syscalls.o
 .group         0x0000000000000000        0xc Src/syscalls.o
 .group         0x0000000000000000        0xc Src/syscalls.o
 .group         0x0000000000000000        0xc Src/syscalls.o
 .group         0x0000000000000000        0xc Src/syscalls.o
 .group         0x0000000000000000        0xc Src/syscalls.o
 .group         0x0000000000000000        0xc Src/syscalls.o
 .group         0x0000000000000000        0xc Src/syscalls.o
 .group         0x0000000000000000        0xc Src/syscalls.o
 .group         0x0000000000000000        0xc Src/syscalls.o
 .group         0x0000000000000000        0xc Src/syscalls.o
 .group         0x0000000000000000        0xc Src/syscalls.o
 .group         0x0000000000000000        0xc Src/syscalls.o
 .group         0x0000000000000000        0xc Src/syscalls.o
 .group         0x0000000000000000        0xc Src/syscalls.o
 .group         0x0000000000000000        0xc Src/syscalls.o
 .group         0x0000000000000000        0xc Src/syscalls.o
 .group         0x0000000000000000        0xc Src/syscalls.o
 .group         0x0000000000000000        0xc Src/syscalls.o
 .group         0x0000000000000000        0xc Src/syscalls.o
 .group         0x0000000000000000        0xc Src/syscalls.o
 .text          0x0000000000000000        0x0 Src/syscalls.o
 .data          0x0000000000000000        0x0 Src/syscalls.o
 .bss           0x0000000000000000        0x0 Src/syscalls.o
 .bss.__env     0x0000000000000000        0x4 Src/syscalls.o
 .data.environ  0x0000000000000000        0x4 Src/syscalls.o
 .text.initialise_monitor_handles
                0x0000000000000000        0xe Src/syscalls.o
 .text._getpid  0x0000000000000000       0x10 Src/syscalls.o
 .text._kill    0x0000000000000000       0x20 Src/syscalls.o
 .text._exit    0x0000000000000000       0x14 Src/syscalls.o
 .text._read    0x0000000000000000       0x3a Src/syscalls.o
 .text._write   0x0000000000000000       0x38 Src/syscalls.o
 .text._close   0x0000000000000000       0x18 Src/syscalls.o
 .text._fstat   0x0000000000000000       0x20 Src/syscalls.o
 .text._isatty  0x0000000000000000       0x16 Src/syscalls.o
 .text._lseek   0x0000000000000000       0x1a Src/syscalls.o
 .text._open    0x0000000000000000       0x1c Src/syscalls.o
 .text._wait    0x0000000000000000       0x1e Src/syscalls.o
 .text._unlink  0x0000000000000000       0x1e Src/syscalls.o
 .text._times   0x0000000000000000       0x18 Src/syscalls.o
 .text._stat    0x0000000000000000       0x20 Src/syscalls.o
 .text._link    0x0000000000000000       0x20 Src/syscalls.o
 .text._fork    0x0000000000000000       0x16 Src/syscalls.o
 .text._execve  0x0000000000000000       0x22 Src/syscalls.o
 .debug_info    0x0000000000000000      0xfa8 Src/syscalls.o
 .debug_abbrev  0x0000000000000000      0x286 Src/syscalls.o
 .debug_aranges
                0x0000000000000000       0xa8 Src/syscalls.o
 .debug_ranges  0x0000000000000000       0x98 Src/syscalls.o
 .debug_macro   0x0000000000000000      0x24c Src/syscalls.o
 .debug_macro   0x0000000000000000      0xab4 Src/syscalls.o
 .debug_macro   0x0000000000000000       0x22 Src/syscalls.o
 .debug_macro   0x0000000000000000       0x4c Src/syscalls.o
 .debug_macro   0x0000000000000000       0x18 Src/syscalls.o
 .debug_macro   0x0000000000000000       0x94 Src/syscalls.o
 .debug_macro   0x0000000000000000       0x3c Src/syscalls.o
 .debug_macro   0x0000000000000000       0x34 Src/syscalls.o
 .debug_macro   0x0000000000000000       0x57 Src/syscalls.o
 .debug_macro   0x0000000000000000      0x174 Src/syscalls.o
 .debug_macro   0x0000000000000000      0x339 Src/syscalls.o
 .debug_macro   0x0000000000000000       0x16 Src/syscalls.o
 .debug_macro   0x0000000000000000       0x43 Src/syscalls.o
 .debug_macro   0x0000000000000000       0x34 Src/syscalls.o
 .debug_macro   0x0000000000000000       0x10 Src/syscalls.o
 .debug_macro   0x0000000000000000       0x58 Src/syscalls.o
 .debug_macro   0x0000000000000000       0x71 Src/syscalls.o
 .debug_macro   0x0000000000000000       0x1c Src/syscalls.o
 .debug_macro   0x0000000000000000      0x12a Src/syscalls.o
 .debug_macro   0x0000000000000000       0x10 Src/syscalls.o
 .debug_macro   0x0000000000000000       0x35 Src/syscalls.o
 .debug_macro   0x0000000000000000       0x10 Src/syscalls.o
 .debug_macro   0x0000000000000000       0x10 Src/syscalls.o
 .debug_macro   0x0000000000000000       0x10 Src/syscalls.o
 .debug_macro   0x0000000000000000       0x6a Src/syscalls.o
 .debug_macro   0x0000000000000000       0x1c Src/syscalls.o
 .debug_macro   0x0000000000000000       0x52 Src/syscalls.o
 .debug_macro   0x0000000000000000       0x22 Src/syscalls.o
 .debug_macro   0x0000000000000000       0x10 Src/syscalls.o
 .debug_macro   0x0000000000000000       0x40 Src/syscalls.o
 .debug_macro   0x0000000000000000       0xd5 Src/syscalls.o
 .debug_macro   0x0000000000000000       0x1c Src/syscalls.o
 .debug_macro   0x0000000000000000       0x3d Src/syscalls.o
 .debug_macro   0x0000000000000000       0x35 Src/syscalls.o
 .debug_macro   0x0000000000000000      0x12c Src/syscalls.o
 .debug_macro   0x0000000000000000       0x16 Src/syscalls.o
 .debug_macro   0x0000000000000000       0x16 Src/syscalls.o
 .debug_macro   0x0000000000000000       0x29 Src/syscalls.o
 .debug_macro   0x0000000000000000       0x10 Src/syscalls.o
 .debug_macro   0x0000000000000000      0x241 Src/syscalls.o
 .debug_macro   0x0000000000000000       0x1c Src/syscalls.o
 .debug_macro   0x0000000000000000       0x10 Src/syscalls.o
 .debug_macro   0x0000000000000000       0x10 Src/syscalls.o
 .debug_macro   0x0000000000000000       0x16 Src/syscalls.o
 .debug_macro   0x0000000000000000      0x145 Src/syscalls.o
 .debug_macro   0x0000000000000000      0x189 Src/syscalls.o
 .debug_macro   0x0000000000000000       0x16 Src/syscalls.o
 .debug_macro   0x0000000000000000       0xce Src/syscalls.o
 .debug_line    0x0000000000000000      0x7fd Src/syscalls.o
 .debug_str     0x0000000000000000     0x8ef8 Src/syscalls.o
 .comment       0x0000000000000000       0x54 Src/syscalls.o
 .debug_frame   0x0000000000000000      0x2ac Src/syscalls.o
 .ARM.attributes
                0x0000000000000000       0x34 Src/syscalls.o
 .group         0x0000000000000000        0xc Src/sysmem.o
 .group         0x0000000000000000        0xc Src/sysmem.o
 .group         0x0000000000000000        0xc Src/sysmem.o
 .group         0x0000000000000000        0xc Src/sysmem.o
 .group         0x0000000000000000        0xc Src/sysmem.o
 .group         0x0000000000000000        0xc Src/sysmem.o
 .group         0x0000000000000000        0xc Src/sysmem.o
 .group         0x0000000000000000        0xc Src/sysmem.o
 .group         0x0000000000000000        0xc Src/sysmem.o
 .group         0x0000000000000000        0xc Src/sysmem.o
 .group         0x0000000000000000        0xc Src/sysmem.o
 .group         0x0000000000000000        0xc Src/sysmem.o
 .group         0x0000000000000000        0xc Src/sysmem.o
 .group         0x0000000000000000        0xc Src/sysmem.o
 .group         0x0000000000000000        0xc Src/sysmem.o
 .group         0x0000000000000000        0xc Src/sysmem.o
 .group         0x0000000000000000        0xc Src/sysmem.o
 .group         0x0000000000000000        0xc Src/sysmem.o
 .group         0x0000000000000000        0xc Src/sysmem.o
 .group         0x0000000000000000        0xc Src/sysmem.o
 .group         0x0000000000000000        0xc Src/sysmem.o
 .group         0x0000000000000000        0xc Src/sysmem.o
 .text          0x0000000000000000        0x0 Src/sysmem.o
 .data          0x0000000000000000        0x0 Src/sysmem.o
 .bss           0x0000000000000000        0x0 Src/sysmem.o
 .bss.__sbrk_heap_end
                0x0000000000000000        0x4 Src/sysmem.o
 .text._sbrk    0x0000000000000000       0x6c Src/sysmem.o
 .debug_info    0x0000000000000000      0xa25 Src/sysmem.o
 .debug_abbrev  0x0000000000000000      0x1bf Src/sysmem.o
 .debug_aranges
                0x0000000000000000       0x20 Src/sysmem.o
 .debug_ranges  0x0000000000000000       0x10 Src/sysmem.o
 .debug_macro   0x0000000000000000       0xff Src/sysmem.o
 .debug_macro   0x0000000000000000      0xab4 Src/sysmem.o
 .debug_macro   0x0000000000000000       0x10 Src/sysmem.o
 .debug_macro   0x0000000000000000       0x22 Src/sysmem.o
 .debug_macro   0x0000000000000000       0x4c Src/sysmem.o
 .debug_macro   0x0000000000000000       0x18 Src/sysmem.o
 .debug_macro   0x0000000000000000       0x94 Src/sysmem.o
 .debug_macro   0x0000000000000000       0x3c Src/sysmem.o
 .debug_macro   0x0000000000000000       0x34 Src/sysmem.o
 .debug_macro   0x0000000000000000      0x174 Src/sysmem.o
 .debug_macro   0x0000000000000000       0x16 Src/sysmem.o
 .debug_macro   0x0000000000000000       0x43 Src/sysmem.o
 .debug_macro   0x0000000000000000       0x57 Src/sysmem.o
 .debug_macro   0x0000000000000000       0x34 Src/sysmem.o
 .debug_macro   0x0000000000000000       0x10 Src/sysmem.o
 .debug_macro   0x0000000000000000       0x58 Src/sysmem.o
 .debug_macro   0x0000000000000000       0x71 Src/sysmem.o
 .debug_macro   0x0000000000000000       0x1c Src/sysmem.o
 .debug_macro   0x0000000000000000      0x12a Src/sysmem.o
 .debug_macro   0x0000000000000000      0x23b Src/sysmem.o
 .debug_macro   0x0000000000000000      0x103 Src/sysmem.o
 .debug_macro   0x0000000000000000       0x6a Src/sysmem.o
 .debug_macro   0x0000000000000000      0x1df Src/sysmem.o
 .debug_line    0x0000000000000000      0x4f3 Src/sysmem.o
 .debug_str     0x0000000000000000     0x62cb Src/sysmem.o
 .comment       0x0000000000000000       0x54 Src/sysmem.o
 .debug_frame   0x0000000000000000       0x34 Src/sysmem.o
 .ARM.attributes
                0x0000000000000000       0x34 Src/sysmem.o
 .group         0x0000000000000000        0xc Src/timebase.o
 .group         0x0000000000000000        0xc Src/timebase.o
 .group         0x0000000000000000        0xc Src/timebase.o
 .group         0x0000000000000000        0xc Src/timebase.o
 .group         0x0000000000000000        0xc Src/timebase.o
 .group         0x0000000000000000        0xc Src/timebase.o
 .group         0x0000000000000000        0xc Src/timebase.o
 .group         0x0000000000000000        0xc Src/timebase.o
 .group         0x0000000000000000        0xc Src/timebase.o
 .group         0x0000000000000000        0xc Src/timebase.o
 .group         0x0000000000000000        0xc Src/timebase.o
 .group         0x0000000000000000        0xc Src/timebase.o
 .group         0x0000000000000000        0xc Src/timebase.o
 .group         0x0000000000000000        0xc Src/timebase.o
 .group         0x0000000000000000        0xc Src/timebase.o
 .group         0x0000000000000000        0xc Src/timebase.o
 .text          0x0000000000000000        0x0 Src/timebase.o
 .data          0x0000000000000000        0x0 Src/timebase.o
 .bss           0x0000000000000000        0x0 Src/timebase.o
 .debug_macro   0x0000000000000000      0xab4 Src/timebase.o
 .debug_macro   0x0000000000000000       0x22 Src/timebase.o
 .debug_macro   0x0000000000000000       0x8e Src/timebase.o
 .debug_macro   0x0000000000000000       0x51 Src/timebase.o
 .debug_macro   0x0000000000000000      0x103 Src/timebase.o
 .debug_macro   0x0000000000000000       0x6a Src/timebase.o
 .debug_macro   0x0000000000000000      0x1df Src/timebase.o
 .debug_macro   0x0000000000000000       0x28 Src/timebase.o
 .debug_macro   0x0000000000000000       0x28 Src/timebase.o
 .debug_macro   0x0000000000000000       0x1c Src/timebase.o
 .debug_macro   0x0000000000000000       0x22 Src/timebase.o
 .debug_macro   0x0000000000000000       0xdf Src/timebase.o
 .debug_macro   0x0000000000000000     0x102d Src/timebase.o
 .debug_macro   0x0000000000000000      0x11f Src/timebase.o
 .debug_macro   0x0000000000000000     0xb937 Src/timebase.o
 .debug_macro   0x0000000000000000       0x43 Src/timebase.o
 .group         0x0000000000000000        0xc Src/uart.o
 .group         0x0000000000000000        0xc Src/uart.o
 .group         0x0000000000000000        0xc Src/uart.o
 .group         0x0000000000000000        0xc Src/uart.o
 .group         0x0000000000000000        0xc Src/uart.o
 .group         0x0000000000000000        0xc Src/uart.o
 .group         0x0000000000000000        0xc Src/uart.o
 .group         0x0000000000000000        0xc Src/uart.o
 .group         0x0000000000000000        0xc Src/uart.o
 .group         0x0000000000000000        0xc Src/uart.o
 .group         0x0000000000000000        0xc Src/uart.o
 .group         0x0000000000000000        0xc Src/uart.o
 .group         0x0000000000000000        0xc Src/uart.o
 .group         0x0000000000000000        0xc Src/uart.o
 .group         0x0000000000000000        0xc Src/uart.o
 .group         0x0000000000000000        0xc Src/uart.o
 .text          0x0000000000000000        0x0 Src/uart.o
 .data          0x0000000000000000        0x0 Src/uart.o
 .bss           0x0000000000000000        0x0 Src/uart.o
 .text.__io_putchar
                0x0000000000000000       0x18 Src/uart.o
 .text.uart_write
                0x0000000000000000       0x30 Src/uart.o
 .debug_macro   0x0000000000000000      0xab4 Src/uart.o
 .debug_macro   0x0000000000000000       0x22 Src/uart.o
 .debug_macro   0x0000000000000000       0x8e Src/uart.o
 .debug_macro   0x0000000000000000       0x51 Src/uart.o
 .debug_macro   0x0000000000000000      0x103 Src/uart.o
 .debug_macro   0x0000000000000000       0x6a Src/uart.o
 .debug_macro   0x0000000000000000      0x1df Src/uart.o
 .debug_macro   0x0000000000000000       0x28 Src/uart.o
 .debug_macro   0x0000000000000000       0x28 Src/uart.o
 .debug_macro   0x0000000000000000       0x1c Src/uart.o
 .debug_macro   0x0000000000000000       0x22 Src/uart.o
 .debug_macro   0x0000000000000000       0xdf Src/uart.o
 .debug_macro   0x0000000000000000     0x102d Src/uart.o
 .debug_macro   0x0000000000000000      0x11f Src/uart.o
 .debug_macro   0x0000000000000000     0xb937 Src/uart.o
 .debug_macro   0x0000000000000000       0x43 Src/uart.o
 .text          0x0000000000000000       0x14 Startup/startup_stm32f411retx.o
 .data          0x0000000000000000        0x0 Startup/startup_stm32f411retx.o
 .bss           0x0000000000000000        0x0 Startup/startup_stm32f411retx.o
 .text          0x0000000000000000        0x0 c:/st/stm32cubeide_1.6.1/stm32cubeide/plugins/com.st.stm32cube.ide.mcu.externaltools.gnu-tools-for-stm32.9-2020-q2-update.win32_1.5.0.202011040924/tools/bin/../lib/gcc/arm-none-eabi/9.3.1/../../../../arm-none-eabi/lib/thumb/v7e-m+fp/hard\libc_nano.a(lib_a-errno.o)
 .data          0x0000000000000000        0x0 c:/st/stm32cubeide_1.6.1/stm32cubeide/plugins/com.st.stm32cube.ide.mcu.externaltools.gnu-tools-for-stm32.9-2020-q2-update.win32_1.5.0.202011040924/tools/bin/../lib/gcc/arm-none-eabi/9.3.1/../../../../arm-none-eabi/lib/thumb/v7e-m+fp/hard\libc_nano.a(lib_a-errno.o)
 .bss           0x0000000000000000        0x0 c:/st/stm32cubeide_1.6.1/stm32cubeide/plugins/com.st.stm32cube.ide.mcu.externaltools.gnu-tools-for-stm32.9-2020-q2-update.win32_1.5.0.202011040924/tools/bin/../lib/gcc/arm-none-eabi/9.3.1/../../../../arm-none-eabi/lib/thumb/v7e-m+fp/hard\libc_nano.a(lib_a-errno.o)
 .text.__errno  0x0000000000000000        0xc c:/st/stm32cubeide_1.6.1/stm32cubeide/plugins/com.st.stm32cube.ide.mcu.externaltools.gnu-tools-for-stm32.9-2020-q2-update.win32_1.5.0.202011040924/tools/bin/../lib/gcc/arm-none-eabi/9.3.1/../../../../arm-none-eabi/lib/thumb/v7e-m+fp/hard\libc_nano.a(lib_a-errno.o)
 .debug_frame   0x0000000000000000       0x20 c:/st/stm32cubeide_1.6.1/stm32cubeide/plugins/com.st.stm32cube.ide.mcu.externaltools.gnu-tools-for-stm32.9-2020-q2-update.win32_1.5.0.202011040924/tools/bin/../lib/gcc/arm-none-eabi/9.3.1/../../../../arm-none-eabi/lib/thumb/v7e-m+fp/hard\libc_nano.a(lib_a-errno.o)
 .ARM.attributes
                0x0000000000000000       0x34 c:/st/stm32cubeide_1.6.1/stm32cubeide/plugins/com.st.stm32cube.ide.mcu.externaltools.gnu-tools-for-stm32.9-2020-q2-update.win32_1.5.0.202011040924/tools/bin/../lib/gcc/arm-none-eabi/9.3.1/../../../../arm-none-eabi/lib/thumb/v7e-m+fp/hard\libc_nano.a(lib_a-errno.o)
 .text          0x0000000000000000        0x0 c:/st/stm32cubeide_1.6.1/stm32cubeide/plugins/com.st.stm32cube.ide.mcu.externaltools.gnu-tools-for-stm32.9-2020-q2-update.win32_1.5.0.202011040924/tools/bin/../lib/gcc/arm-none-eabi/9.3.1/../../../../arm-none-eabi/lib/thumb/v7e-m+fp/hard\libc_nano.a(lib_a-exit.o)
 .data          0x0000000000000000        0x0 c:/st/stm32cubeide_1.6.1/stm32cubeide/plugins/com.st.stm32cube.ide.mcu.externaltools.gnu-tools-for-stm32.9-2020-q2-update.win32_1.5.0.202011040924/tools/bin/../lib/gcc/arm-none-eabi/9.3.1/../../../../arm-none-eabi/lib/thumb/v7e-m+fp/hard\libc_nano.a(lib_a-exit.o)
 .bss           0x0000000000000000        0x0 c:/st/stm32cubeide_1.6.1/stm32cubeide/plugins/com.st.stm32cube.ide.mcu.externaltools.gnu-tools-for-stm32.9-2020-q2-update.win32_1.5.0.202011040924/tools/bin/../lib/gcc/arm-none-eabi/9.3.1/../../../../arm-none-eabi/lib/thumb/v7e-m+fp/hard\libc_nano.a(lib_a-exit.o)
 .text.exit     0x0000000000000000       0x28 c:/st/stm32cubeide_1.6.1/stm32cubeide/plugins/com.st.stm32cube.ide.mcu.externaltools.gnu-tools-for-stm32.9-2020-q2-update.win32_1.5.0.202011040924/tools/bin/../lib/gcc/arm-none-eabi/9.3.1/../../../../arm-none-eabi/lib/thumb/v7e-m+fp/hard\libc_nano.a(lib_a-exit.o)
 .debug_frame   0x0000000000000000       0x28 c:/st/stm32cubeide_1.6.1/stm32cubeide/plugins/com.st.stm32cube.ide.mcu.externaltools.gnu-tools-for-stm32.9-2020-q2-update.win32_1.5.0.202011040924/tools/bin/../lib/gcc/arm-none-eabi/9.3.1/../../../../arm-none-eabi/lib/thumb/v7e-m+fp/hard\libc_nano.a(lib_a-exit.o)
 .ARM.attributes
                0x0000000000000000       0x34 c:/st/stm32cubeide_1.6.1/stm32cubeide/plugins/com.st.stm32cube.ide.mcu.externaltools.gnu-tools-for-stm32.9-2020-q2-update.win32_1.5.0.202011040924/tools/bin/../lib/gcc/arm-none-eabi/9.3.1/../../../../arm-none-eabi/lib/thumb/v7e-m+fp/hard\libc_nano.a(lib_a-exit.o)
 .text          0x0000000000000000        0x0 c:/st/stm32cubeide_1.6.1/stm32cubeide/plugins/com.st.stm32cube.ide.mcu.externaltools.gnu-tools-for-stm32.9-2020-q2-update.win32_1.5.0.202011040924/tools/bin/../lib/gcc/arm-none-eabi/9.3.1/../../../../arm-none-eabi/lib/thumb/v7e-m+fp/hard\libc_nano.a(lib_a-impure.o)
 .data          0x0000000000000000        0x0 c:/st/stm32cubeide_1.6.1/stm32cubeide/plugins/com.st.stm32cube.ide.mcu.externaltools.gnu-tools-for-stm32.9-2020-q2-update.win32_1.5.0.202011040924/tools/bin/../lib/gcc/arm-none-eabi/9.3.1/../../../../arm-none-eabi/lib/thumb/v7e-m+fp/hard\libc_nano.a(lib_a-impure.o)
 .bss           0x0000000000000000        0x0 c:/st/stm32cubeide_1.6.1/stm32cubeide/plugins/com.st.stm32cube.ide.mcu.externaltools.gnu-tools-for-stm32.9-2020-q2-update.win32_1.5.0.202011040924/tools/bin/../lib/gcc/arm-none-eabi/9.3.1/../../../../arm-none-eabi/lib/thumb/v7e-m+fp/hard\libc_nano.a(lib_a-impure.o)
 .data._impure_ptr
                0x0000000000000000        0x4 c:/st/stm32cubeide_1.6.1/stm32cubeide/plugins/com.st.stm32cube.ide.mcu.externaltools.gnu-tools-for-stm32.9-2020-q2-update.win32_1.5.0.202011040924/tools/bin/../lib/gcc/arm-none-eabi/9.3.1/../../../../arm-none-eabi/lib/thumb/v7e-m+fp/hard\libc_nano.a(lib_a-impure.o)
 .data.impure_data
                0x0000000000000000       0x60 c:/st/stm32cubeide_1.6.1/stm32cubeide/plugins/com.st.stm32cube.ide.mcu.externaltools.gnu-tools-for-stm32.9-2020-q2-update.win32_1.5.0.202011040924/tools/bin/../lib/gcc/arm-none-eabi/9.3.1/../../../../arm-none-eabi/lib/thumb/v7e-m+fp/hard\libc_nano.a(lib_a-impure.o)
 .rodata._global_impure_ptr
                0x0000000000000000        0x4 c:/st/stm32cubeide_1.6.1/stm32cubeide/plugins/com.st.stm32cube.ide.mcu.externaltools.gnu-tools-for-stm32.9-2020-q2-update.win32_1.5.0.202011040924/tools/bin/../lib/gcc/arm-none-eabi/9.3.1/../../../../arm-none-eabi/lib/thumb/v7e-m+fp/hard\libc_nano.a(lib_a-impure.o)
 .ARM.attributes
                0x0000000000000000       0x32 c:/st/stm32cubeide_1.6.1/stm32cubeide/plugins/com.st.stm32cube.ide.mcu.externaltools.gnu-tools-for-stm32.9-2020-q2-update.win32_1.5.0.202011040924/tools/bin/../lib/gcc/arm-none-eabi/9.3.1/../../../../arm-none-eabi/lib/thumb/v7e-m+fp/hard\libc_nano.a(lib_a-impure.o)
 .text          0x0000000000000000        0x0 c:/st/stm32cubeide_1.6.1/stm32cubeide/plugins/com.st.stm32cube.ide.mcu.externaltools.gnu-tools-for-stm32.9-2020-q2-update.win32_1.5.0.202011040924/tools/bin/../lib/gcc/arm-none-eabi/9.3.1/../../../../arm-none-eabi/lib/thumb/v7e-m+fp/hard\libc_nano.a(lib_a-init.o)
 .data          0x0000000000000000        0x0 c:/st/stm32cubeide_1.6.1/stm32cubeide/plugins/com.st.stm32cube.ide.mcu.externaltools.gnu-tools-for-stm32.9-2020-q2-update.win32_1.5.0.202011040924/tools/bin/../lib/gcc/arm-none-eabi/9.3.1/../../../../arm-none-eabi/lib/thumb/v7e-m+fp/hard\libc_nano.a(lib_a-init.o)
 .bss           0x0000000000000000        0x0 c:/st/stm32cubeide_1.6.1/stm32cubeide/plugins/com.st.stm32cube.ide.mcu.externaltools.gnu-tools-for-stm32.9-2020-q2-update.win32_1.5.0.202011040924/tools/bin/../lib/gcc/arm-none-eabi/9.3.1/../../../../arm-none-eabi/lib/thumb/v7e-m+fp/hard\libc_nano.a(lib_a-init.o)
 .text          0x0000000000000000        0x0 c:/st/stm32cubeide_1.6.1/stm32cubeide/plugins/com.st.stm32cube.ide.mcu.externaltools.gnu-tools-for-stm32.9-2020-q2-update.win32_1.5.0.202011040924/tools/bin/../lib/gcc/arm-none-eabi/9.3.1/../../../../arm-none-eabi/lib/thumb/v7e-m+fp/hard\libc_nano.a(lib_a-memset.o)
 .data          0x0000000000000000        0x0 c:/st/stm32cubeide_1.6.1/stm32cubeide/plugins/com.st.stm32cube.ide.mcu.externaltools.gnu-tools-for-stm32.9-2020-q2-update.win32_1.5.0.202011040924/tools/bin/../lib/gcc/arm-none-eabi/9.3.1/../../../../arm-none-eabi/lib/thumb/v7e-m+fp/hard\libc_nano.a(lib_a-memset.o)
 .bss           0x0000000000000000        0x0 c:/st/stm32cubeide_1.6.1/stm32cubeide/plugins/com.st.stm32cube.ide.mcu.externaltools.gnu-tools-for-stm32.9-2020-q2-update.win32_1.5.0.202011040924/tools/bin/../lib/gcc/arm-none-eabi/9.3.1/../../../../arm-none-eabi/lib/thumb/v7e-m+fp/hard\libc_nano.a(lib_a-memset.o)
 .text.memset   0x0000000000000000       0x10 c:/st/stm32cubeide_1.6.1/stm32cubeide/plugins/com.st.stm32cube.ide.mcu.externaltools.gnu-tools-for-stm32.9-2020-q2-update.win32_1.5.0.202011040924/tools/bin/../lib/gcc/arm-none-eabi/9.3.1/../../../../arm-none-eabi/lib/thumb/v7e-m+fp/hard\libc_nano.a(lib_a-memset.o)
 .debug_frame   0x0000000000000000       0x20 c:/st/stm32cubeide_1.6.1/stm32cubeide/plugins/com.st.stm32cube.ide.mcu.externaltools.gnu-tools-for-stm32.9-2020-q2-update.win32_1.5.0.202011040924/tools/bin/../lib/gcc/arm-none-eabi/9.3.1/../../../../arm-none-eabi/lib/thumb/v7e-m+fp/hard\libc_nano.a(lib_a-memset.o)
 .ARM.attributes
                0x0000000000000000       0x34 c:/st/stm32cubeide_1.6.1/stm32cubeide/plugins/com.st.stm32cube.ide.mcu.externaltools.gnu-tools-for-stm32.9-2020-q2-update.win32_1.5.0.202011040924/tools/bin/../lib/gcc/arm-none-eabi/9.3.1/../../../../arm-none-eabi/lib/thumb/v7e-m+fp/hard\libc_nano.a(lib_a-memset.o)
 .data          0x0000000000000000        0x0 c:/st/stm32cubeide_1.6.1/stm32cubeide/plugins/com.st.stm32cube.ide.mcu.externaltools.gnu-tools-for-stm32.9-2020-q2-update.win32_1.5.0.202011040924/tools/bin/../lib/gcc/arm-none-eabi/9.3.1/../../../../arm-none-eabi/lib/thumb/v7e-m+fp/hard\libc_nano.a(lib_a-strlen.o)
 .bss           0x0000000000000000        0x0 c:/st/stm32cubeide_1.6.1/stm32cubeide/plugins/com.st.stm32cube.ide.mcu.externaltools.gnu-tools-for-stm32.9-2020-q2-update.win32_1.5.0.202011040924/tools/bin/../lib/gcc/arm-none-eabi/9.3.1/../../../../arm-none-eabi/lib/thumb/v7e-m+fp/hard\libc_nano.a(lib_a-strlen.o)
 .text          0x0000000000000000        0x0 c:/st/stm32cubeide_1.6.1/stm32cubeide/plugins/com.st.stm32cube.ide.mcu.externaltools.gnu-tools-for-stm32.9-2020-q2-update.win32_1.5.0.202011040924/tools/bin/../lib/gcc/arm-none-eabi/9.3.1/thumb/v7e-m+fp/hard/crtend.o
 .data          0x0000000000000000        0x0 c:/st/stm32cubeide_1.6.1/stm32cubeide/plugins/com.st.stm32cube.ide.mcu.externaltools.gnu-tools-for-stm32.9-2020-q2-update.win32_1.5.0.202011040924/tools/bin/../lib/gcc/arm-none-eabi/9.3.1/thumb/v7e-m+fp/hard/crtend.o
 .bss           0x0000000000000000        0x0 c:/st/stm32cubeide_1.6.1/stm32cubeide/plugins/com.st.stm32cube.ide.mcu.externaltools.gnu-tools-for-stm32.9-2020-q2-update.win32_1.5.0.202011040924/tools/bin/../lib/gcc/arm-none-eabi/9.3.1/thumb/v7e-m+fp/hard/crtend.o
 .eh_frame      0x0000000000000000        0x4 c:/st/stm32cubeide_1.6.1/stm32cubeide/plugins/com.st.stm32cube.ide.mcu.externaltools.gnu-tools-for-stm32.9-2020-q2-update.win32_1.5.0.202011040924/tools/bin/../lib/gcc/arm-none-eabi/9.3.1/thumb/v7e-m+fp/hard/crtend.o
 .ARM.attributes
                0x0000000000000000       0x32 c:/st/stm32cubeide_1.6.1/stm32cubeide/plugins/com.st.stm32cube.ide.mcu.externaltools.gnu-tools-for-stm32.9-2020-q2-update.win32_1.5.0.202011040924/tools/bin/../lib/gcc/arm-none-eabi/9.3.1/thumb/v7e-m+fp/hard/crtend.o
 .text          0x0000000000000000        0x0 c:/st/stm32cubeide_1.6.1/stm32cubeide/plugins/com.st.stm32cube.ide.mcu.externaltools.gnu-tools-for-stm32.9-2020-q2-update.win32_1.5.0.202011040924/tools/bin/../lib/gcc/arm-none-eabi/9.3.1/thumb/v7e-m+fp/hard/crtn.o
 .data          0x0000000000000000        0x0 c:/st/stm32cubeide_1.6.1/stm32cubeide/plugins/com.st.stm32cube.ide.mcu.externaltools.gnu-tools-for-stm32.9-2020-q2-update.win32_1.5.0.202011040924/tools/bin/../lib/gcc/arm-none-eabi/9.3.1/thumb/v7e-m+fp/hard/crtn.o
 .bss           0x0000000000000000        0x0 c:/st/stm32cubeide_1.6.1/stm32cubeide/plugins/com.st.stm32cube.ide.mcu.externaltools.gnu-tools-for-stm32.9-2020-q2-update.win32_1.5.0.202011040924/tools/bin/../lib/gcc/arm-none-eabi/9.3.1/thumb/v7e-m+fp/hard/crtn.o

Memory Configuration

Name             Origin             Length             Attributes
RAM              0x0000000020000000 0x0000000000020000 xrw
FLASH            0x0000000008000000 0x0000000000080000 xr
*default*        0x0000000000000000 0xffffffffffffffff

Linker script and memory map

LOAD c:/st/stm32cubeide_1.6.1/stm32cubeide/plugins/com.st.stm32cube.ide.mcu.externaltools.gnu-tools-for-stm32.9-2020-q2-update.win32_1.5.0.202011040924/tools/bin/../lib/gcc/arm-none-eabi/9.3.1/thumb/v7e-m+fp/hard/crti.o
LOAD c:/st/stm32cubeide_1.6.1/stm32cubeide/plugins/com.st.stm32cube.ide.mcu.externaltools.gnu-tools-for-stm32.9-2020-q2-update.win32_1.5.0.202011040924/tools/bin/../lib/gcc/arm-none-eabi/9.3.1/thumb/v7e-m+fp/hard/crtbegin.o
LOAD c:/st/stm32cubeide_1.6.1/stm32cubeide/plugins/com.st.stm32cube.ide.mcu.externaltools.gnu-tools-for-stm32.9-2020-q2-update.win32_1.5.0.202011040924/tools/bin/../lib/gcc/arm-none-eabi/9.3.1/../../../../arm-none-eabi/lib/thumb/v7e-m+fp/hard/crt0.o
LOAD Src/adc.o
LOAD Src/bsp.o
LOAD Src/flash_driver.o
LOAD Src/fpu.o
LOAD Src/main.o
LOAD Src/syscalls.o
LOAD Src/sysmem.o
LOAD Src/timebase.o
LOAD Src/uart.o
LOAD Startup/startup_stm32f411retx.o
START GROUP
LOAD c:/st/stm32cubeide_1.6.1/stm32cubeide/plugins/com.st.stm32cube.ide.mcu.externaltools.gnu-tools-for-stm32.9-2020-q2-update.win32_1.5.0.202011040924/tools/bin/../lib/gcc/arm-none-eabi/9.3.1/../../../../arm-none-eabi/lib/thumb/v7e-m+fp/hard\libc_nano.a
LOAD c:/st/stm32cubeide_1.6.1/stm32cubeide/plugins/com.st.stm32cube.ide.mcu.externaltools.gnu-tools-for-stm32.9-2020-q2-update.win32_1.5.0.202011040924/tools/bin/../lib/gcc/arm-none-eabi/9.3.1/../../../../arm-none-eabi/lib/thumb/v7e-m+fp/hard\libm.a
END GROUP
START GROUP
LOAD c:/st/stm32cubeide_1.6.1/stm32cubeide/plugins/com.st.stm32cube.ide.mcu.externaltools.gnu-tools-for-stm32.9-2020-q2-update.win32_1.5.0.202011040924/tools/bin/../lib/gcc/arm-none-eabi/9.3.1/thumb/v7e-m+fp/hard\libgcc.a
LOAD c:/st/stm32cubeide_1.6.1/stm32cubeide/plugins/com.st.stm32cube.ide.mcu.externaltools.gnu-tools-for-stm32.9-2020-q2-update.win32_1.5.0.202011040924/tools/bin/../lib/gcc/arm-none-eabi/9.3.1/../../../../arm-none-eabi/lib/thumb/v7e-m+fp/hard\libc_nano.a
END GROUP
START GROUP
LOAD c:/st/stm32cubeide_1.6.1/stm32cubeide/plugins/com.st.stm32cube.ide.mcu.externaltools.gnu-tools-for-stm32.9-2020-q2-update.win32_1.5.0.202011040924/tools/bin/../lib/gcc/arm-none-eabi/9.3.1/thumb/v7e-m+fp/hard\libgcc.a
LOAD c:/st/stm32cubeide_1.6.1/stm32cubeide/plugins/com.st.stm32cube.ide.mcu.externaltools.gnu-tools-for-stm32.9-2020-q2-update.win32_1.5.0.202011040924/tools/bin/../lib/gcc/arm-none-eabi/9.3.1/../../../../arm-none-eabi/lib/thumb/v7e-m+fp/hard\libc_nano.a
LOAD c:/st/stm32cubeide_1.6.1/stm32cubeide/plugins/com.st.stm32cube.ide.mcu.externaltools.gnu-tools-for-stm32.9-2020-q2-update.win32_1.5.0.202011040924/tools/bin/../lib/gcc/arm-none-eabi/9.3.1/../../../../arm-none-eabi/lib/thumb/v7e-m+fp/hard\libnosys.a
END GROUP
START GROUP
LOAD c:/st/stm32cubeide_1.6.1/stm32cubeide/plugins/com.st.stm32cube.ide.mcu.externaltools.gnu-tools-for-stm32.9-2020-q2-update.win32_1.5.0.202011040924/tools/bin/../lib/gcc/arm-none-eabi/9.3.1/thumb/v7e-m+fp/hard\libgcc.a
LOAD c:/st/stm32cubeide_1.6.1/stm32cubeide/plugins/com.st.stm32cube.ide.mcu.externaltools.gnu-tools-for-stm32.9-2020-q2-update.win32_1.5.0.202011040924/tools/bin/../lib/gcc/arm-none-eabi/9.3.1/../../../../arm-none-eabi/lib/thumb/v7e-m+fp/hard\libc_nano.a
LOAD c:/st/stm32cubeide_1.6.1/stm32cubeide/plugins/com.st.stm32cube.ide.mcu.externaltools.gnu-tools-for-stm32.9-2020-q2-update.win32_1.5.0.202011040924/tools/bin/../lib/gcc/arm-none-eabi/9.3.1/../../../../arm-none-eabi/lib/thumb/v7e-m+fp/hard\libnosys.a
END GROUP
LOAD c:/st/stm32cubeide_1.6.1/stm32cubeide/plugins/com.st.stm32cube.ide.mcu.externaltools.gnu-tools-for-stm32.9-2020-q2-update.win32_1.5.0.202011040924/tools/bin/../lib/gcc/arm-none-eabi/9.3.1/thumb/v7e-m+fp/hard/crtend.o
LOAD c:/st/stm32cubeide_1.6.1/stm32cubeide/plugins/com.st.stm32cube.ide.mcu.externaltools.gnu-tools-for-stm32.9-2020-q2-update.win32_1.5.0.202011040924/tools/bin/../lib/gcc/arm-none-eabi/9.3.1/thumb/v7e-m+fp/hard/crtn.o
                0x0000000020020000                _estack = (ORIGIN (RAM) + LENGTH (RAM))
                0x0000000000000200                _Min_Heap_Size = 0x200
                0x0000000000000400                _Min_Stack_Size = 0x400

.isr_vector     0x0000000008000000      0x198
                0x0000000008000000                . = ALIGN (0x4)
 *(.isr_vector)
 .isr_vector    0x0000000008000000      0x198 Startup/startup_stm32f411retx.o
                0x0000000008000000                g_pfnVectors
                0x0000000008000198                . = ALIGN (0x4)

.text           0x0000000008000198      0xbd4
                0x0000000008000198                . = ALIGN (0x4)
 *(.text)
 .text          0x0000000008000198       0x40 c:/st/stm32cubeide_1.6.1/stm32cubeide/plugins/com.st.stm32cube.ide.mcu.externaltools.gnu-tools-for-stm32.9-2020-q2-update.win32_1.5.0.202011040924/tools/bin/../lib/gcc/arm-none-eabi/9.3.1/thumb/v7e-m+fp/hard/crtbegin.o
 .text          0x00000000080001d8       0x10 c:/st/stm32cubeide_1.6.1/stm32cubeide/plugins/com.st.stm32cube.ide.mcu.externaltools.gnu-tools-for-stm32.9-2020-q2-update.win32_1.5.0.202011040924/tools/bin/../lib/gcc/arm-none-eabi/9.3.1/../../../../arm-none-eabi/lib/thumb/v7e-m+fp/hard\libc_nano.a(lib_a-strlen.o)
                0x00000000080001d8                strlen
 *(.text*)
 .text.flash_ex_erase
                0x00000000080001e8       0xc0 Src/flash_driver.o
                0x00000000080001e8                flash_ex_erase
 .text.flash_sector_erase
                0x00000000080002a8       0x78 Src/flash_driver.o
                0x00000000080002a8                flash_sector_erase
 .text.flash_mass_erase
                0x0000000008000320       0x44 Src/flash_driver.o
                0x0000000008000320                flash_mass_erase
 .text.flash_wait_for_last_operation
                0x0000000008000364       0x6c Src/flash_driver.o
                0x0000000008000364                flash_wait_for_last_operation
 .text.flash_program
                0x00000000080003d0       0x8c Src/flash_driver.o
                0x00000000080003d0                flash_program
 .text.flash_program_byte
                0x000000000800045c       0x44 Src/flash_driver.o
                0x000000000800045c                flash_program_byte
 .text.flash_program_halfword
                0x00000000080004a0       0x48 Src/flash_driver.o
                0x00000000080004a0                flash_program_halfword
 .text.flash_program_word
                0x00000000080004e8       0x44 Src/flash_driver.o
                0x00000000080004e8                flash_program_word
 .text.flash_program_doubleword
                0x000000000800052c       0x64 Src/flash_driver.o
                0x000000000800052c                flash_program_doubleword
 .text.flush_caches
                0x0000000008000590       0x8c Src/flash_driver.o
 .text.flash_unlock
                0x000000000800061c       0x44 Src/flash_driver.o
                0x000000000800061c                flash_unlock
 .text.flash_get_error
                0x0000000008000660       0x18 Src/flash_driver.o
                0x0000000008000660                flash_get_error
 .text.get_sector
                0x0000000008000678       0xf4 Src/flash_driver.o
 .text.flash_write_data
                0x000000000800076c       0xac Src/flash_driver.o
                0x000000000800076c                flash_write_data
 .text.flash_read_data
                0x0000000008000818       0x3c Src/flash_driver.o
                0x0000000008000818                flash_read_data
 .text.float_to_bytes
                0x0000000008000854       0x42 Src/flash_driver.o
                0x0000000008000854                float_to_bytes
 .text.bytes_to_float
                0x0000000008000896       0x46 Src/flash_driver.o
                0x0000000008000896                bytes_to_float
 .text.get_str  0x00000000080008dc       0x78 Src/flash_driver.o
                0x00000000080008dc                get_str
 .text.flash_write_num
                0x0000000008000954       0x2c Src/flash_driver.o
                0x0000000008000954                flash_write_num
 .text.flash_read_num
                0x0000000008000980       0x34 Src/flash_driver.o
                0x0000000008000980                flash_read_num
 .text.fpu_enable
                0x00000000080009b4       0x54 Src/fpu.o
                0x00000000080009b4                fpu_enable
 .text.main     0x0000000008000a08       0xbc Src/main.o
                0x0000000008000a08                main
 .text.get_word_length
                0x0000000008000ac4       0x36 Src/main.o
 .text.delay    0x0000000008000afa       0x3c Src/timebase.o
                0x0000000008000afa                delay
 *fill*         0x0000000008000b36        0x2 
 .text.get_tick
                0x0000000008000b38       0x2c Src/timebase.o
                0x0000000008000b38                get_tick
 .text.tick_increment
                0x0000000008000b64       0x1c Src/timebase.o
 .text.timebase_init
                0x0000000008000b80       0x48 Src/timebase.o
                0x0000000008000b80                timebase_init
 .text.SysTick_Handler
                0x0000000008000bc8        0xc Src/timebase.o
                0x0000000008000bc8                SysTick_Handler
 .text.debug_uart_init
                0x0000000008000bd4       0x94 Src/uart.o
                0x0000000008000bd4                debug_uart_init
 .text.compute_uart_bd
                0x0000000008000c68       0x26 Src/uart.o
 *fill*         0x0000000008000c8e        0x2 
 .text.uart_set_baudrate
                0x0000000008000c90       0x28 Src/uart.o
 .text.Reset_Handler
                0x0000000008000cb8       0x50 Startup/startup_stm32f411retx.o
                0x0000000008000cb8                Reset_Handler
 .text.Default_Handler
                0x0000000008000d08        0x2 Startup/startup_stm32f411retx.o
                0x0000000008000d08                RTC_Alarm_IRQHandler
                0x0000000008000d08                EXTI2_IRQHandler
                0x0000000008000d08                DebugMon_Handler
                0x0000000008000d08                SPI4_IRQHandler
                0x0000000008000d08                TIM1_CC_IRQHandler
                0x0000000008000d08                DMA2_Stream5_IRQHandler
                0x0000000008000d08                HardFault_Handler
                0x0000000008000d08                DMA1_Stream5_IRQHandler
                0x0000000008000d08                PVD_IRQHandler
                0x0000000008000d08                SDIO_IRQHandler
                0x0000000008000d08                TAMP_STAMP_IRQHandler
                0x0000000008000d08                PendSV_Handler
                0x0000000008000d08                NMI_Handler
                0x0000000008000d08                EXTI3_IRQHandler
                0x0000000008000d08                TIM1_UP_TIM10_IRQHandler
                0x0000000008000d08                I2C3_ER_IRQHandler
                0x0000000008000d08                EXTI0_IRQHandler
                0x0000000008000d08                I2C2_EV_IRQHandler
                0x0000000008000d08                DMA1_Stream2_IRQHandler
                0x0000000008000d08                FPU_IRQHandler
                0x0000000008000d08                UsageFault_Handler
                0x0000000008000d08                DMA2_Stream2_IRQHandler
                0x0000000008000d08                SPI1_IRQHandler
                0x0000000008000d08                TIM1_BRK_TIM9_IRQHandler
                0x0000000008000d08                DMA2_Stream3_IRQHandler
                0x0000000008000d08                USART6_IRQHandler
                0x0000000008000d08                DMA2_Stream0_IRQHandler
                0x0000000008000d08                TIM4_IRQHandler
                0x0000000008000d08                I2C1_EV_IRQHandler
                0x0000000008000d08                DMA1_Stream6_IRQHandler
                0x0000000008000d08                DMA1_Stream1_IRQHandler
                0x0000000008000d08                TIM3_IRQHandler
                0x0000000008000d08                RCC_IRQHandler
                0x0000000008000d08                Default_Handler
                0x0000000008000d08                EXTI15_10_IRQHandler
                0x0000000008000d08                ADC_IRQHandler
                0x0000000008000d08                DMA1_Stream7_IRQHandler
                0x0000000008000d08                SPI5_IRQHandler
                0x0000000008000d08                TIM5_IRQHandler
                0x0000000008000d08                DMA2_Stream7_IRQHandler
                0x0000000008000d08                I2C3_EV_IRQHandler
                0x0000000008000d08                EXTI9_5_IRQHandler
                0x0000000008000d08                RTC_WKUP_IRQHandler
                0x0000000008000d08                SPI2_IRQHandler
                0x0000000008000d08                MemManage_Handler
                0x0000000008000d08                DMA1_Stream0_IRQHandler
                0x0000000008000d08                SVC_Handler
                0x0000000008000d08                EXTI4_IRQHandler
                0x0000000008000d08                WWDG_IRQHandler
                0x0000000008000d08                TIM2_IRQHandler
                0x0000000008000d08                OTG_FS_WKUP_IRQHandler
                0x0000000008000d08                TIM1_TRG_COM_TIM11_IRQHandler
                0x0000000008000d08                EXTI1_IRQHandler
                0x0000000008000d08                USART2_IRQHandler
                0x0000000008000d08                I2C2_ER_IRQHandler
                0x0000000008000d08                DMA2_Stream1_IRQHandler
                0x0000000008000d08                FLASH_IRQHandler
                0x0000000008000d08                DMA2_Stream4_IRQHandler
                0x0000000008000d08                BusFault_Handler
                0x0000000008000d08                USART1_IRQHandler
                0x0000000008000d08                OTG_FS_IRQHandler
                0x0000000008000d08                SPI3_IRQHandler
                0x0000000008000d08                DMA1_Stream4_IRQHandler
                0x0000000008000d08                I2C1_ER_IRQHandler
                0x0000000008000d08                DMA2_Stream6_IRQHandler
                0x0000000008000d08                DMA1_Stream3_IRQHandler
 *fill*         0x0000000008000d0a        0x2 
 .text.__libc_init_array
                0x0000000008000d0c       0x48 c:/st/stm32cubeide_1.6.1/stm32cubeide/plugins/com.st.stm32cube.ide.mcu.externaltools.gnu-tools-for-stm32.9-2020-q2-update.win32_1.5.0.202011040924/tools/bin/../lib/gcc/arm-none-eabi/9.3.1/../../../../arm-none-eabi/lib/thumb/v7e-m+fp/hard\libc_nano.a(lib_a-init.o)
                0x0000000008000d0c                __libc_init_array
 *(.glue_7)
 .glue_7        0x0000000008000d54        0x0 linker stubs
 *(.glue_7t)
 .glue_7t       0x0000000008000d54        0x0 linker stubs
 *(.eh_frame)
 .eh_frame      0x0000000008000d54        0x0 c:/st/stm32cubeide_1.6.1/stm32cubeide/plugins/com.st.stm32cube.ide.mcu.externaltools.gnu-tools-for-stm32.9-2020-q2-update.win32_1.5.0.202011040924/tools/bin/../lib/gcc/arm-none-eabi/9.3.1/thumb/v7e-m+fp/hard/crtbegin.o
 *(.init)
 .init          0x0000000008000d54        0x4 c:/st/stm32cubeide_1.6.1/stm32cubeide/plugins/com.st.stm32cube.ide.mcu.externaltools.gnu-tools-for-stm32.9-2020-q2-update.win32_1.5.0.202011040924/tools/bin/../lib/gcc/arm-none-eabi/9.3.1/thumb/v7e-m+fp/hard/crti.o
                0x0000000008000d54                _init
 .init          0x0000000008000d58        0x8 c:/st/stm32cubeide_1.6.1/stm32cubeide/plugins/com.st.stm32cube.ide.mcu.externaltools.gnu-tools-for-stm32.9-2020-q2-update.win32_1.5.0.202011040924/tools/bin/../lib/gcc/arm-none-eabi/9.3.1/thumb/v7e-m+fp/hard/crtn.o
 *(.fini)
 .fini          0x0000000008000d60        0x4 c:/st/stm32cubeide_1.6.1/stm32cubeide/plugins/com.st.stm32cube.ide.mcu.externaltools.gnu-tools-for-stm32.9-2020-q2-update.win32_1.5.0.202011040924/tools/bin/../lib/gcc/arm-none-eabi/9.3.1/thumb/v7e-m+fp/hard/crti.o
                0x0000000008000d60                _fini
 .fini          0x0000000008000d64        0x8 c:/st/stm32cubeide_1.6.1/stm32cubeide/plugins/com.st.stm32cube.ide.mcu.externaltools.gnu-tools-for-stm32.9-2020-q2-update.win32_1.5.0.202011040924/tools/bin/../lib/gcc/arm-none-eabi/9.3.1/thumb/v7e-m+fp/hard/crtn.o
                0x0000000008000d6c                . = ALIGN (0x4)
                0x0000000008000d6c                _etext = .

.vfp11_veneer   0x0000000008000d6c        0x0
 .vfp11_veneer  0x0000000008000d6c        0x0 linker stubs

.v4_bx          0x0000000008000d6c        0x0
 .v4_bx         0x0000000008000d6c        0x0 linker stubs

.iplt           0x0000000008000d6c        0x0
 .iplt          0x0000000008000d6c        0x0 c:/st/stm32cubeide_1.6.1/stm32cubeide/plugins/com.st.stm32cube.ide.mcu.externaltools.gnu-tools-for-stm32.9-2020-q2-update.win32_1.5.0.202011040924/tools/bin/../lib/gcc/arm-none-eabi/9.3.1/thumb/v7e-m+fp/hard/crtbegin.o

.rodata         0x0000000008000d6c       0x1c
                0x0000000008000d6c                . = ALIGN (0x4)
 *(.rodata)
 .rodata        0x0000000008000d6c       0x1a Src/main.o
 *(.rodata*)
                0x0000000008000d88                . = ALIGN (0x4)
 *fill*         0x0000000008000d86        0x2 

.rel.dyn        0x0000000008000d88        0x0
 .rel.iplt      0x0000000008000d88        0x0 c:/st/stm32cubeide_1.6.1/stm32cubeide/plugins/com.st.stm32cube.ide.mcu.externaltools.gnu-tools-for-stm32.9-2020-q2-update.win32_1.5.0.202011040924/tools/bin/../lib/gcc/arm-none-eabi/9.3.1/thumb/v7e-m+fp/hard/crtbegin.o

.ARM.extab      0x0000000008000d88        0x0
                0x0000000008000d88                . = ALIGN (0x4)
 *(.ARM.extab* .gnu.linkonce.armextab.*)
                0x0000000008000d88                . = ALIGN (0x4)

.ARM            0x0000000008000d88        0x0
                0x0000000008000d88                . = ALIGN (0x4)
                0x0000000008000d88                __exidx_start = .
 *(.ARM.exidx*)
                0x0000000008000d88                __exidx_end = .
                0x0000000008000d88                . = ALIGN (0x4)

.preinit_array  0x0000000008000d88        0x0
                0x0000000008000d88                . = ALIGN (0x4)
                0x0000000008000d88                PROVIDE (__preinit_array_start = .)
 *(.preinit_array*)
                0x0000000008000d88                PROVIDE (__preinit_array_end = .)
                0x0000000008000d88                . = ALIGN (0x4)

.init_array     0x0000000008000d88        0x4
                0x0000000008000d88                . = ALIGN (0x4)
                0x0000000008000d88                PROVIDE (__init_array_start = .)
 *(SORT_BY_NAME(.init_array.*))
 *(.init_array*)
 .init_array    0x0000000008000d88        0x4 c:/st/stm32cubeide_1.6.1/stm32cubeide/plugins/com.st.stm32cube.ide.mcu.externaltools.gnu-tools-for-stm32.9-2020-q2-update.win32_1.5.0.202011040924/tools/bin/../lib/gcc/arm-none-eabi/9.3.1/thumb/v7e-m+fp/hard/crtbegin.o
                0x0000000008000d8c                PROVIDE (__init_array_end = .)
                0x0000000008000d8c                . = ALIGN (0x4)

.fini_array     0x0000000008000d8c        0x4
                0x0000000008000d8c                . = ALIGN (0x4)
                [!provide]                        PROVIDE (__fini_array_start = .)
 *(SORT_BY_NAME(.fini_array.*))
 *(.fini_array*)
 .fini_array    0x0000000008000d8c        0x4 c:/st/stm32cubeide_1.6.1/stm32cubeide/plugins/com.st.stm32cube.ide.mcu.externaltools.gnu-tools-for-stm32.9-2020-q2-update.win32_1.5.0.202011040924/tools/bin/../lib/gcc/arm-none-eabi/9.3.1/thumb/v7e-m+fp/hard/crtbegin.o
                [!provide]                        PROVIDE (__fini_array_end = .)
                0x0000000008000d90                . = ALIGN (0x4)
                0x0000000008000d90                _sidata = LOADADDR (.data)

.data           0x0000000020000000       0x30 load address 0x0000000008000d90
                0x0000000020000000                . = ALIGN (0x4)
                0x0000000020000000                _sdata = .
 *(.data)
 *(.data*)
 .data.buff_data_to_store
                0x0000000020000000       0x28 Src/main.o
                0x0000000020000000                buff_data_to_store
 .data.pbuff_test_string
                0x0000000020000028        0x4 Src/main.o
                0x0000000020000028                pbuff_test_string
 .data.g_curr_val
                0x000000002000002c        0x4 Src/main.o
                0x000000002000002c                g_curr_val
 *(.RamFunc)
 *(.RamFunc*)
                0x0000000020000030                . = ALIGN (0x4)
                0x0000000020000030                _edata = .

.igot.plt       0x0000000020000030        0x0 load address 0x0000000008000dc0
 .igot.plt      0x0000000020000030        0x0 c:/st/stm32cubeide_1.6.1/stm32cubeide/plugins/com.st.stm32cube.ide.mcu.externaltools.gnu-tools-for-stm32.9-2020-q2-update.win32_1.5.0.202011040924/tools/bin/../lib/gcc/arm-none-eabi/9.3.1/thumb/v7e-m+fp/hard/crtbegin.o
                0x0000000020000030                . = ALIGN (0x4)

.bss            0x0000000020000030      0x10c load address 0x0000000008000dc0
                0x0000000020000030                _sbss = .
                0x0000000020000030                __bss_start__ = _sbss
 *(.bss)
 .bss           0x0000000020000030       0x1c c:/st/stm32cubeide_1.6.1/stm32cubeide/plugins/com.st.stm32cube.ide.mcu.externaltools.gnu-tools-for-stm32.9-2020-q2-update.win32_1.5.0.202011040924/tools/bin/../lib/gcc/arm-none-eabi/9.3.1/thumb/v7e-m+fp/hard/crtbegin.o
 *(.bss*)
 *(COMMON)
 COMMON         0x000000002000004c       0x1c Src/flash_driver.o
                0x000000002000004c                temp_buff
                0x0000000020000050                pFlash
 COMMON         0x0000000020000068       0xcc Src/main.o
                0x0000000020000068                g_rcv_val
                0x000000002000006c                buff_rcv_data
                0x000000002000010c                buff_rcv_char
 COMMON         0x0000000020000134        0x8 Src/timebase.o
                0x0000000020000134                g_curr_tick_p
                0x0000000020000138                g_curr_tick
                0x000000002000013c                . = ALIGN (0x4)
                0x000000002000013c                _ebss = .
                0x000000002000013c                __bss_end__ = _ebss

._user_heap_stack
                0x000000002000013c      0x604 load address 0x0000000008000dc0
                0x0000000020000140                . = ALIGN (0x8)
 *fill*         0x000000002000013c        0x4 
                [!provide]                        PROVIDE (end = .)
                0x0000000020000140                PROVIDE (_end = .)
                0x0000000020000340                . = (. + _Min_Heap_Size)
 *fill*         0x0000000020000140      0x200 
                0x0000000020000740                . = (. + _Min_Stack_Size)
 *fill*         0x0000000020000340      0x400 
                0x0000000020000740                . = ALIGN (0x8)

/DISCARD/
 libc.a(*)
 libm.a(*)
 libgcc.a(*)

.ARM.attributes
                0x0000000000000000       0x30
 *(.ARM.attributes)
 .ARM.attributes
                0x0000000000000000       0x1e c:/st/stm32cubeide_1.6.1/stm32cubeide/plugins/com.st.stm32cube.ide.mcu.externaltools.gnu-tools-for-stm32.9-2020-q2-update.win32_1.5.0.202011040924/tools/bin/../lib/gcc/arm-none-eabi/9.3.1/thumb/v7e-m+fp/hard/crti.o
 .ARM.attributes
                0x000000000000001e       0x34 c:/st/stm32cubeide_1.6.1/stm32cubeide/plugins/com.st.stm32cube.ide.mcu.externaltools.gnu-tools-for-stm32.9-2020-q2-update.win32_1.5.0.202011040924/tools/bin/../lib/gcc/arm-none-eabi/9.3.1/thumb/v7e-m+fp/hard/crtbegin.o
 .ARM.attributes
                0x0000000000000052       0x34 Src/flash_driver.o
 .ARM.attributes
                0x0000000000000086       0x34 Src/fpu.o
 .ARM.attributes
                0x00000000000000ba       0x34 Src/main.o
 .ARM.attributes
                0x00000000000000ee       0x34 Src/timebase.o
 .ARM.attributes
                0x0000000000000122       0x34 Src/uart.o
 .ARM.attributes
                0x0000000000000156       0x21 Startup/startup_stm32f411retx.o
 .ARM.attributes
                0x0000000000000177       0x34 c:/st/stm32cubeide_1.6.1/stm32cubeide/plugins/com.st.stm32cube.ide.mcu.externaltools.gnu-tools-for-stm32.9-2020-q2-update.win32_1.5.0.202011040924/tools/bin/../lib/gcc/arm-none-eabi/9.3.1/../../../../arm-none-eabi/lib/thumb/v7e-m+fp/hard\libc_nano.a(lib_a-init.o)
 .ARM.attributes
                0x00000000000001ab       0x17 c:/st/stm32cubeide_1.6.1/stm32cubeide/plugins/com.st.stm32cube.ide.mcu.externaltools.gnu-tools-for-stm32.9-2020-q2-update.win32_1.5.0.202011040924/tools/bin/../lib/gcc/arm-none-eabi/9.3.1/../../../../arm-none-eabi/lib/thumb/v7e-m+fp/hard\libc_nano.a(lib_a-strlen.o)
 .ARM.attributes
                0x00000000000001c2       0x1e c:/st/stm32cubeide_1.6.1/stm32cubeide/plugins/com.st.stm32cube.ide.mcu.externaltools.gnu-tools-for-stm32.9-2020-q2-update.win32_1.5.0.202011040924/tools/bin/../lib/gcc/arm-none-eabi/9.3.1/thumb/v7e-m+fp/hard/crtn.o
OUTPUT(9_Internal_flash_storage.elf elf32-littlearm)
LOAD linker stubs
LOAD c:/st/stm32cubeide_1.6.1/stm32cubeide/plugins/com.st.stm32cube.ide.mcu.externaltools.gnu-tools-for-stm32.9-2020-q2-update.win32_1.5.0.202011040924/tools/bin/../lib/gcc/arm-none-eabi/9.3.1/../../../../arm-none-eabi/lib/thumb/v7e-m+fp/hard\libc.a
LOAD c:/st/stm32cubeide_1.6.1/stm32cubeide/plugins/com.st.stm32cube.ide.mcu.externaltools.gnu-tools-for-stm32.9-2020-q2-update.win32_1.5.0.202011040924/tools/bin/../lib/gcc/arm-none-eabi/9.3.1/../../../../arm-none-eabi/lib/thumb/v7e-m+fp/hard\libm.a
LOAD c:/st/stm32cubeide_1.6.1/stm32cubeide/plugins/com.st.stm32cube.ide.mcu.externaltools.gnu-tools-for-stm32.9-2020-q2-update.win32_1.5.0.202011040924/tools/bin/../lib/gcc/arm-none-eabi/9.3.1/thumb/v7e-m+fp/hard\libgcc.a

.debug_info     0x0000000000000000     0x275e
 .debug_info    0x0000000000000000     0x11f7 Src/flash_driver.o
 .debug_info    0x00000000000011f7      0x2ef Src/fpu.o
 .debug_info    0x00000000000014e6      0xab1 Src/main.o
 .debug_info    0x0000000000001f97      0x287 Src/timebase.o
 .debug_info    0x000000000000221e      0x51e Src/uart.o
 .debug_info    0x000000000000273c       0x22 Startup/startup_stm32f411retx.o

.debug_abbrev   0x0000000000000000      0x94b
 .debug_abbrev  0x0000000000000000      0x366 Src/flash_driver.o
 .debug_abbrev  0x0000000000000366       0xdc Src/fpu.o
 .debug_abbrev  0x0000000000000442      0x1ec Src/main.o
 .debug_abbrev  0x000000000000062e      0x1a1 Src/timebase.o
 .debug_abbrev  0x00000000000007cf      0x16a Src/uart.o
 .debug_abbrev  0x0000000000000939       0x12 Startup/startup_stm32f411retx.o

.debug_aranges  0x0000000000000000      0x1a8
 .debug_aranges
                0x0000000000000000       0xb8 Src/flash_driver.o
 .debug_aranges
                0x00000000000000b8       0x20 Src/fpu.o
 .debug_aranges
                0x00000000000000d8       0x28 Src/main.o
 .debug_aranges
                0x0000000000000100       0x40 Src/timebase.o
 .debug_aranges
                0x0000000000000140       0x40 Src/uart.o
 .debug_aranges
                0x0000000000000180       0x28 Startup/startup_stm32f411retx.o

.debug_ranges   0x0000000000000000      0x150
 .debug_ranges  0x0000000000000000       0xa8 Src/flash_driver.o
 .debug_ranges  0x00000000000000a8       0x10 Src/fpu.o
 .debug_ranges  0x00000000000000b8       0x18 Src/main.o
 .debug_ranges  0x00000000000000d0       0x30 Src/timebase.o
 .debug_ranges  0x0000000000000100       0x30 Src/uart.o
 .debug_ranges  0x0000000000000130       0x20 Startup/startup_stm32f411retx.o

.debug_macro    0x0000000000000000     0x1825
 .debug_macro   0x0000000000000000      0x1b9 Src/flash_driver.o
 .debug_macro   0x00000000000001b9       0x4c Src/flash_driver.o
 .debug_macro   0x0000000000000205       0x18 Src/flash_driver.o
 .debug_macro   0x000000000000021d       0x94 Src/flash_driver.o
 .debug_macro   0x00000000000002b1       0x3c Src/flash_driver.o
 .debug_macro   0x00000000000002ed       0x34 Src/flash_driver.o
 .debug_macro   0x0000000000000321      0x174 Src/flash_driver.o
 .debug_macro   0x0000000000000495       0x16 Src/flash_driver.o
 .debug_macro   0x00000000000004ab       0x43 Src/flash_driver.o
 .debug_macro   0x00000000000004ee       0x57 Src/flash_driver.o
 .debug_macro   0x0000000000000545       0x34 Src/flash_driver.o
 .debug_macro   0x0000000000000579       0x10 Src/flash_driver.o
 .debug_macro   0x0000000000000589       0x58 Src/flash_driver.o
 .debug_macro   0x00000000000005e1       0x71 Src/flash_driver.o
 .debug_macro   0x0000000000000652       0x1c Src/flash_driver.o
 .debug_macro   0x000000000000066e      0x12a Src/flash_driver.o
 .debug_macro   0x0000000000000798      0x339 Src/flash_driver.o
 .debug_macro   0x0000000000000ad1       0x10 Src/flash_driver.o
 .debug_macro   0x0000000000000ae1       0x35 Src/flash_driver.o
 .debug_macro   0x0000000000000b16       0x20 Src/flash_driver.o
 .debug_macro   0x0000000000000b36       0xd9 Src/flash_driver.o
 .debug_macro   0x0000000000000c0f       0x9a Src/flash_driver.o
 .debug_macro   0x0000000000000ca9       0x10 Src/flash_driver.o
 .debug_macro   0x0000000000000cb9       0xce Src/fpu.o
 .debug_macro   0x0000000000000d87      0x2a5 Src/main.o
 .debug_macro   0x000000000000102c       0x16 Src/main.o
 .debug_macro   0x0000000000001042       0x97 Src/main.o
 .debug_macro   0x00000000000010d9       0xfd Src/main.o
 .debug_macro   0x00000000000011d6       0x10 Src/main.o
 .debug_macro   0x00000000000011e6       0x10 Src/main.o
 .debug_macro   0x00000000000011f6       0x1c Src/main.o
 .debug_macro   0x0000000000001212       0x52 Src/main.o
 .debug_macro   0x0000000000001264       0x22 Src/main.o
 .debug_macro   0x0000000000001286       0x10 Src/main.o
 .debug_macro   0x0000000000001296       0x40 Src/main.o
 .debug_macro   0x00000000000012d6       0xd5 Src/main.o
 .debug_macro   0x00000000000013ab       0x1c Src/main.o
 .debug_macro   0x00000000000013c7       0x3d Src/main.o
 .debug_macro   0x0000000000001404       0x16 Src/main.o
 .debug_macro   0x000000000000141a      0x145 Src/main.o
 .debug_macro   0x000000000000155f       0x16 Src/main.o
 .debug_macro   0x0000000000001575       0xa0 Src/main.o
 .debug_macro   0x0000000000001615      0x108 Src/timebase.o
 .debug_macro   0x000000000000171d      0x108 Src/uart.o

.debug_line     0x0000000000000000     0x2425
 .debug_line    0x0000000000000000      0xb46 Src/flash_driver.o
 .debug_line    0x0000000000000b46      0x4ff Src/fpu.o
 .debug_line    0x0000000000001045      0x7c3 Src/main.o
 .debug_line    0x0000000000001808      0x5e7 Src/timebase.o
 .debug_line    0x0000000000001def      0x5b2 Src/uart.o
 .debug_line    0x00000000000023a1       0x84 Startup/startup_stm32f411retx.o

.debug_str      0x0000000000000000    0x544bf
 .debug_str     0x0000000000000000    0x53073 Src/flash_driver.o
                                      0x53325 (size before relaxing)
 .debug_str     0x0000000000053073       0x8b Src/fpu.o
                                      0x4f6e8 (size before relaxing)
 .debug_str     0x00000000000530fe     0x102c Src/main.o
                                      0x53ede (size before relaxing)
 .debug_str     0x000000000005412a      0x131 Src/timebase.o
                                      0x4f7d2 (size before relaxing)
 .debug_str     0x000000000005425b      0x233 Src/uart.o
                                      0x4f8dd (size before relaxing)
 .debug_str     0x000000000005448e       0x31 Startup/startup_stm32f411retx.o
                                         0x8b (size before relaxing)

.comment        0x0000000000000000       0x53
 .comment       0x0000000000000000       0x53 Src/flash_driver.o
                                         0x54 (size before relaxing)
 .comment       0x0000000000000053       0x54 Src/fpu.o
 .comment       0x0000000000000053       0x54 Src/main.o
 .comment       0x0000000000000053       0x54 Src/timebase.o
 .comment       0x0000000000000053       0x54 Src/uart.o

.debug_frame    0x0000000000000000      0x530
 .debug_frame   0x0000000000000000      0x308 Src/flash_driver.o
 .debug_frame   0x0000000000000308       0x30 Src/fpu.o
 .debug_frame   0x0000000000000338       0x58 Src/main.o
 .debug_frame   0x0000000000000390       0xb0 Src/timebase.o
 .debug_frame   0x0000000000000440       0xc4 Src/uart.o
 .debug_frame   0x0000000000000504       0x2c c:/st/stm32cubeide_1.6.1/stm32cubeide/plugins/com.st.stm32cube.ide.mcu.externaltools.gnu-tools-for-stm32.9-2020-q2-update.win32_1.5.0.202011040924/tools/bin/../lib/gcc/arm-none-eabi/9.3.1/../../../../arm-none-eabi/lib/thumb/v7e-m+fp/hard\libc_nano.a(lib_a-init.o)
